// Jest Snapshot v1, https://goo.gl/fbAQLP

exports[`Button renders correctly 1`] = `
<button
  className="btn-test"
  disabled={false}
  onClick={[Function]}
  type="button"
>
  Save
  <img
    alt="Close"
    src="''"
  />
</button>
`;
