// Jest Snapshot v1, https://goo.gl/fbAQLP

exports[`Filter item renders correctly 1`] = `
<li
  className="list-item active"
  onClick={[Function]}
>
  Comedy
</li>
`;
